------------------------------------------------------------
Timing Analyzer Summary
------------------------------------------------------------

Type  : Slow 1100mV 85C Model Setup 'PLL_50MHz_48MHz|\GeneratePLLForSyn:AlteraPLL50to48_rtl|alterapll50to48_inst|altera_pll_i|general[0].gpll~PLL_OUTPUT_COUNTER|divclk'
Slack : 13.984
TNS   : 0.000

Type  : Slow 1100mV 85C Model Hold 'PLL_50MHz_48MHz|\GeneratePLLForSyn:AlteraPLL50to48_rtl|alterapll50to48_inst|altera_pll_i|general[0].gpll~PLL_OUTPUT_COUNTER|divclk'
Slack : 0.343
TNS   : 0.000

Type  : Slow 1100mV 85C Model Minimum Pulse Width 'PLL_50MHz_48MHz|\GeneratePLLForSyn:AlteraPLL50to48_rtl|alterapll50to48_inst|altera_pll_i|general[0].gpll~FRACTIONAL_PLL|vcoph[0]'
Slack : 1.041
TNS   : 0.000

Type  : Slow 1100mV 85C Model Minimum Pulse Width 'PLL_50MHz_48MHz|\GeneratePLLForSyn:AlteraPLL50to48_rtl|alterapll50to48_inst|altera_pll_i|general[0].gpll~PLL_OUTPUT_COUNTER|divclk'
Slack : 9.206
TNS   : 0.000

Type  : Slow 1100mV 85C Model Minimum Pulse Width 'SYSCLK'
Slack : 9.670
TNS   : 0.000

Type  : Slow 1100mV 0C Model Setup 'PLL_50MHz_48MHz|\GeneratePLLForSyn:AlteraPLL50to48_rtl|alterapll50to48_inst|altera_pll_i|general[0].gpll~PLL_OUTPUT_COUNTER|divclk'
Slack : 14.291
TNS   : 0.000

Type  : Slow 1100mV 0C Model Hold 'PLL_50MHz_48MHz|\GeneratePLLForSyn:AlteraPLL50to48_rtl|alterapll50to48_inst|altera_pll_i|general[0].gpll~PLL_OUTPUT_COUNTER|divclk'
Slack : 0.326
TNS   : 0.000

Type  : Slow 1100mV 0C Model Minimum Pulse Width 'PLL_50MHz_48MHz|\GeneratePLLForSyn:AlteraPLL50to48_rtl|alterapll50to48_inst|altera_pll_i|general[0].gpll~FRACTIONAL_PLL|vcoph[0]'
Slack : 1.041
TNS   : 0.000

Type  : Slow 1100mV 0C Model Minimum Pulse Width 'PLL_50MHz_48MHz|\GeneratePLLForSyn:AlteraPLL50to48_rtl|alterapll50to48_inst|altera_pll_i|general[0].gpll~PLL_OUTPUT_COUNTER|divclk'
Slack : 9.188
TNS   : 0.000

Type  : Slow 1100mV 0C Model Minimum Pulse Width 'SYSCLK'
Slack : 9.673
TNS   : 0.000

Type  : Fast 1100mV 85C Model Setup 'PLL_50MHz_48MHz|\GeneratePLLForSyn:AlteraPLL50to48_rtl|alterapll50to48_inst|altera_pll_i|general[0].gpll~PLL_OUTPUT_COUNTER|divclk'
Slack : 15.864
TNS   : 0.000

Type  : Fast 1100mV 85C Model Hold 'PLL_50MHz_48MHz|\GeneratePLLForSyn:AlteraPLL50to48_rtl|alterapll50to48_inst|altera_pll_i|general[0].gpll~PLL_OUTPUT_COUNTER|divclk'
Slack : 0.180
TNS   : 0.000

Type  : Fast 1100mV 85C Model Minimum Pulse Width 'PLL_50MHz_48MHz|\GeneratePLLForSyn:AlteraPLL50to48_rtl|alterapll50to48_inst|altera_pll_i|general[0].gpll~FRACTIONAL_PLL|vcoph[0]'
Slack : 1.041
TNS   : 0.000

Type  : Fast 1100mV 85C Model Minimum Pulse Width 'PLL_50MHz_48MHz|\GeneratePLLForSyn:AlteraPLL50to48_rtl|alterapll50to48_inst|altera_pll_i|general[0].gpll~PLL_OUTPUT_COUNTER|divclk'
Slack : 9.309
TNS   : 0.000

Type  : Fast 1100mV 85C Model Minimum Pulse Width 'SYSCLK'
Slack : 9.336
TNS   : 0.000

Type  : Fast 1100mV 0C Model Setup 'PLL_50MHz_48MHz|\GeneratePLLForSyn:AlteraPLL50to48_rtl|alterapll50to48_inst|altera_pll_i|general[0].gpll~PLL_OUTPUT_COUNTER|divclk'
Slack : 16.495
TNS   : 0.000

Type  : Fast 1100mV 0C Model Hold 'PLL_50MHz_48MHz|\GeneratePLLForSyn:AlteraPLL50to48_rtl|alterapll50to48_inst|altera_pll_i|general[0].gpll~PLL_OUTPUT_COUNTER|divclk'
Slack : 0.171
TNS   : 0.000

Type  : Fast 1100mV 0C Model Minimum Pulse Width 'PLL_50MHz_48MHz|\GeneratePLLForSyn:AlteraPLL50to48_rtl|alterapll50to48_inst|altera_pll_i|general[0].gpll~FRACTIONAL_PLL|vcoph[0]'
Slack : 1.041
TNS   : 0.000

Type  : Fast 1100mV 0C Model Minimum Pulse Width 'SYSCLK'
Slack : 9.286
TNS   : 0.000

Type  : Fast 1100mV 0C Model Minimum Pulse Width 'PLL_50MHz_48MHz|\GeneratePLLForSyn:AlteraPLL50to48_rtl|alterapll50to48_inst|altera_pll_i|general[0].gpll~PLL_OUTPUT_COUNTER|divclk'
Slack : 9.309
TNS   : 0.000

------------------------------------------------------------
